STEP to UG
! INFO-     NX STEP AP214 - V2506.3001
! INFO-      
! INFO-     Start of Translation: 12-MAY-2026  6:27:07 PM
! INFO-      
! STATUS-   Converting Part: C:\Users\Jan\Documents\GitHub\SimBa-Propulsion\CombustionChamberV1\CombustionChamberV2.1.STEP
! SUMMARY-   
! SUMMARY-    STEP Header Information
! SUMMARY-   
! SUMMARY-  Description      STEP AP214
! SUMMARY-  Imp_Level        1
! SUMMARY-  File_Name        CombustionChamberV2.1.STEP
! SUMMARY-  Date             2026-05-12T14:55:55
! SUMMARY-  Author           Unknown
! SUMMARY-  Organization     Unknown
! SUMMARY-  Pre_Version      SwSTEP 2.0
! SUMMARY-  Orig_System      SolidWorks 2024
! SUMMARY-  Authorization    Unknown
! SUMMARY-  Schema_ID        automotive_design
! SUMMARY-   
! SUMMARY-    Summary of STEP Entities
! SUMMARY-   
! SUMMARY-  Entity Type                                                   Count
! SUMMARY-  -----------                                                   ------
! SUMMARY-  advanced_face ..............................................:    603
! SUMMARY-  application_context ........................................:      2
! SUMMARY-  axis2_placement_3d .........................................:    429
! SUMMARY-  b_spline_curve_with_knots ..................................:   1579
! SUMMARY-  b_spline_surface_with_knots ................................:    410
! SUMMARY-  b_spline_surface_with_knots_and_rational_b_spline_surface ..:     61
! SUMMARY-  cartesian_point ............................................: 690369
! SUMMARY-  circle .....................................................:    296
! SUMMARY-  closed_shell ...............................................:      1
! SUMMARY-  conical_surface ............................................:     25
! SUMMARY-  cylindrical_surface ........................................:     46
! SUMMARY-  direction ..................................................:    942
! SUMMARY-  edge_curve .................................................:   1958
! SUMMARY-  edge_loop ..................................................:    714
! SUMMARY-  face_bound .................................................:    111
! SUMMARY-  face_outer_bound ...........................................:    603
! SUMMARY-  geometric_representation_context_and_global_uncertainty_a ..:      2
! SUMMARY-  length_unit_and_si_unit ....................................:      2
! SUMMARY-  line .......................................................:     84
! SUMMARY-  manifold_solid_brep ........................................:      1
! SUMMARY-  oriented_edge ..............................................:   3916
! SUMMARY-  plane ......................................................:     26
! SUMMARY-  plane_angle_unit_and_si_unit ...............................:      2
! SUMMARY-  product ....................................................:      1
! SUMMARY-  product_context ............................................:      1
! SUMMARY-  product_definition .........................................:      1
! SUMMARY-  product_definition_context .................................:      1
! SUMMARY-  product_definition_formation_with_specified_source .........:      1
! SUMMARY-  product_definition_shape ...................................:      1
! SUMMARY-  product_related_product_category ...........................:      1
! SUMMARY-  si_unit_and_solid_angle_unit ...............................:      2
! SUMMARY-  toroidal_surface ...........................................:     35
! SUMMARY-  uncertainty_measure_with_unit ..............................:      2
! SUMMARY-  vector .....................................................:     84
! SUMMARY-  vertex_point ...............................................:   1276
! SUMMARY-                                                               -------
! SUMMARY-  Total                                                         703588
! STATUS-    
! STATUS-   Converting to Output Form (Phase 2 of 3): 12-MAY-2026 6:27:12 PM
! STATUS-    
! INFO-     Unreferenced geometric_curve_set entities in STEP file. 
! INFO-     Will attempt to create the geometry for 
! INFO-     each unreferenced geometric_curve_set. 
! INFO-      
! STATUS-    
! STATUS-   Generating UG geometry and placing them in parts
! STATUS-    
! STATUS-   Creating the UG part (Phase 3 of 3): 12-MAY-2026  6:27:20 PM
! INFO-     Filing Part ..: C:\Users\Jan\Documents\GitHub\SimBa-Propulsion\CombustionChamberV1\CombustionChamberV2.1.prt
! SUMMARY-   
! SUMMARY-  Summary of Unigraphics Part Entities
! SUMMARY-   
! SUMMARY-  Entities Processed             Count
! SUMMARY-  ------------------             -----
! SUMMARY-  B-Curve .....................:     2
! SUMMARY-  Part Attribute ..............:    12
! SUMMARY-  Coordinate System ...........:     1
! SUMMARY-  Reference Set ...............:     2
! SUMMARY-  Solid/Sheet .................:     1
! SUMMARY-                                 -----
! SUMMARY-  Total                             18
! INFO-      
! INFO-     Total number of solids input for this translation       :         1
! INFO-      
! INFO-     Number of solids created without body validation faults :         1
! INFO-      
! INFO-     Number of solids created with body validation fault(s)  :         0
! INFO-      
! INFO-     Number of solids ending up as sheet bodies              :         0
! INFO-      
! INFO-     End of Translation: 12-MAY-2026  6:27:25 PM
! INFO-      
